[backblue.gif]
[fade.gif]
[index.html]
[www.datocms-assets.com/10543/1559633732-shared-courtyard-view-made-by-effekt-architects-for-space10-1920x1034.jpg]
[fast.fonts.net/cssapi/d14edb54-2ee3-47e4-a095-0f84b1934d93.css]
[www.urbanvillageproject.com/bundle.js]
[www.datocms-assets.com/10543/1559124366-cover-livability.jpg]
[www.datocms-assets.com/10543/1559297090-1554298788-20190225space10003renderinterior-common-spaceyk.jpg]
[www.datocms-assets.com/10543/1559037764-sustainability-cover.jpg]
[www.datocms-assets.com/10543/1554297826-inside-right.jpg]
[www.datocms-assets.com/10543/1557298860-woods.jpg]
[www.datocms-assets.com/10543/1559038063-affordability-cover.jpg]
[www.datocms-assets.com/10543/1559043833-high-quality-housing-for-less.jpg]
[www.datocms-assets.com/10543/1559043553-new-ways-to-own-your-home.jpg]
[www.urbanvillageproject.com/index.html]
[fast.fonts.net/cssapi/d14edb54-2ee3-47e4-a095-0f84b1934d93.css]
[www.urbanvillageproject.com/main.css]
[fast.fonts.net/t/171ff.css]
[www.urbanvillageproject.com/c4174a0908b9003d53c8886b453c305a.svg]
